{"logTime": "0606/104053", "correlationVector":"HrlulfzE91P3eclhmCsJfp.1","action":"SyncServerConnectionManagerRequest", "result":"SYNC_SERVER_OK", "context":{"environment":"Prod_southeastasia_prod-s01-065-apac-southeastasia", "migrationStage":"NotStarted", "server":"akswtt00100001k"}}
{"logTime": "0606/104053", "correlationVector":"HrlulfzE91P3eclhmCsJfp.2","action":"ProcessGetUpdates", "result":"Done", "context":{"dataType":"Encryption Keys", "deleted":"0", "process_failed_to_decrypt":"0", "process_pending_decryption":"0", "process_success":"1", "total":"1"}}
{"logTime": "0606/104054", "correlationVector":"6BsJwxMtd92HZfwbI6KXpD","action":"SyncServerConnectionManagerRequest", "result":"SYNC_SERVER_OK", "context":{"environment":"", "migrationStage":"", "server":""}}
{"logTime": "0606/104054", "correlationVector":"6BsJwxMtd92HZfwbI6KXpD.0","action":"EncryptionKeysFetcher.DownloadKeys:", "result":"Success", "context":Key count: 7, Last key timestamp: 2026-05-20T16:13:32Z}
{"logTime": "0606/104054", "correlationVector":"6BsJwxMtd92HZfwbI6KXpD.1","action":"EncryptionKeysManager::SetEncryptionKeys:", "result":"Success", "context":Key names[7]:[48nJdkNb6lidYKLYZIQFzC6BDxGUm1rGGw9aUG7frljjGMPsf7tWdkxNNeENM6CDvDk7+v5ZdFJzBpXF+CxzyA==][9K9GVo9vEwTJUx/N/u++lgQMnTiMQvgCeT3Xp3xdQDdA0Tx8ayxq72ip6Y3YBcDC33+7iGSNHU6xRsXIwKf/Lg==][xtB2XeioeJ+yZqZGfOhWJPS13zfMMnDyLnmBGZkff+NKqhKN11Yd0kFDK8Rgunb4k2bWO0M8emXWWJX1FQE+Yw==][I1MMv4rqDOcFkBGsG3e914iCeFUtOlL2JqJuamxBLvlQxvwe1MKUl2haiY5BlbHGXk9W5TSI5zJjjRS5N7cB6g==][Hvslmaa6SpU5pDqEXaFNpquiUo6DLdZNpJZELlpDLcqXvFwtQwkk5EwbT8WbjSONh8pR/bs6bnME1HfZtQJzaA==][36ushvsMUpIhqrwRVbRmq44H0zz+Gb1eSNnyBMQ5YjR8+2aYVJNFmP0zSZfk8XtG7vJX/10DK80Wl8GqgVjvkQ==][h/8W4vHI/PvDRp114tffJEhXWCCp9rEOJBmaPKcJCNPwBJ32rfhwyhJ/iEvQG3ovNbMjMLvJdDWJ1Lfa9RZUIQ==]}
{"logTime": "0606/104054", "correlationVector":"6BsJwxMtd92HZfwbI6KXpD.2","action":"EncryptionKeysManager::SetEncryptionKeysWithTimestamps:", "result":"Success", "context":Key timestamps[7]:[2023-05-10T13:43:20Z][2023-11-07T08:00:20Z][2024-05-05T13:39:14Z][2024-11-01T22:42:17Z][2025-05-01T14:06:48Z][2025-10-30T09:17:13Z][2026-05-20T16:13:32Z]}
{"logTime": "0606/104054", "correlationVector":"HrlulfzE91P3eclhmCsJfp","action":"Initial GetUpdates", "result":"", "context":Reason: NEW_CLIENT. cV=HrlulfzE91P3eclhmCsJfp}
{"logTime": "0606/104054", "correlationVector":"HrlulfzE91P3eclhmCsJfp.3","action":"GetUpdates Response", "result":"Success", "context":Received 1 update(s). cV=HrlulfzE91P3eclhmCsJfp.0;server=akswtt00100001k;cloudType=Consumer;environment=Prod_southeastasia_prod-s01-065-apac-southeastasia;migrationStage=NotStarted}
{"logTime": "0606/104054", "correlationVector":"Bwi0P9vTY1YLuzqxMGZstp","action":"Initial GetUpdates", "result":"", "context":Reason: NEWLY_SUPPORTED_DATATYPE. cV=Bwi0P9vTY1YLuzqxMGZstp}
{"logTime": "0606/104054", "correlationVector":"Bwi0P9vTY1YLuzqxMGZstp.1","action":"SyncServerConnectionManagerRequest", "result":"SYNC_SERVER_OK", "context":{"environment":"Prod_southeastasia_prod-s01-065-apac-southeastasia", "migrationStage":"NotStarted", "server":"akswtt00100000q"}}
{"logTime": "0606/104054", "correlationVector":"Bwi0P9vTY1YLuzqxMGZstp.2","action":"ProcessGetUpdates", "result":"Done", "context":{"dataType":"Preferences", "deleted":"0", "process_failed_to_decrypt":"0", "process_pending_decryption":"0", "process_success":"86", "total":"86"}}
{"logTime": "0606/104054", "correlationVector":"Bwi0P9vTY1YLuzqxMGZstp.3","action":"ProcessGetUpdates", "result":"Done", "context":{"dataType":"Passwords", "deleted":"1", "process_failed_to_decrypt":"0", "process_pending_decryption":"0", "process_success":"118", "total":"118"}}
{"logTime": "0606/104054", "correlationVector":"Bwi0P9vTY1YLuzqxMGZstp.4","action":"ProcessGetUpdates", "result":"Done", "context":{"dataType":"Device Info", "deleted":"0", "process_failed_to_decrypt":"0", "process_pending_decryption":"0", "process_success":"6", "total":"6"}}
{"logTime": "0606/104054", "correlationVector":"Bwi0P9vTY1YLuzqxMGZstp.5","action":"GetUpdates Response", "result":"Success", "context":Received 210 update(s). cV=Bwi0P9vTY1YLuzqxMGZstp.0;server=akswtt00100000q;cloudType=Consumer;environment=Prod_southeastasia_prod-s01-065-apac-southeastasia;migrationStage=NotStarted}
{"logTime": "0606/104054", "correlationVector":"KX1eDmeyUdJFl5SZ/F7bJY","action":"Initial GetUpdates", "result":"", "context":Reason: NEWLY_SUPPORTED_DATATYPE. cV=KX1eDmeyUdJFl5SZ/F7bJY}
{"logTime": "0606/104054", "correlationVector":"KX1eDmeyUdJFl5SZ/F7bJY.1","action":"SyncServerConnectionManagerRequest", "result":"SYNC_SERVER_OK", "context":{"environment":"Prod_southeastasia_prod-s01-065-apac-southeastasia", "migrationStage":"NotStarted", "server":"akswtt001000001"}}
{"logTime": "0606/104054", "correlationVector":"KX1eDmeyUdJFl5SZ/F7bJY.2","action":"ProcessGetUpdates", "result":"Done", "context":{"dataType":"Bookmarks", "deleted":"1", "process_failed_to_decrypt":"0", "process_pending_decryption":"0", "process_success":"14", "total":"14"}}
{"logTime": "0606/104054", "correlationVector":"KX1eDmeyUdJFl5SZ/F7bJY.3","action":"GetUpdates Response", "result":"Success", "context":Received 14 update(s). cV=KX1eDmeyUdJFl5SZ/F7bJY.0;server=akswtt001000001;cloudType=Consumer;environment=Prod_southeastasia_prod-s01-065-apac-southeastasia;migrationStage=NotStarted}
{"logTime": "0606/104054", "correlationVector":"PcKbdVPsoChUabaaZ06cvZ","action":"Initial GetUpdates", "result":"", "context":Reason: NEWLY_SUPPORTED_DATATYPE. cV=PcKbdVPsoChUabaaZ06cvZ}
{"logTime": "0606/104055", "correlationVector":"PcKbdVPsoChUabaaZ06cvZ.1","action":"SyncServerConnectionManagerRequest", "result":"SYNC_SERVER_OK", "context":{"environment":"Prod_southeastasia_prod-s01-065-apac-southeastasia", "migrationStage":"NotStarted", "server":"akswtt00100000c"}}
{"logTime": "0606/104055", "correlationVector":"PcKbdVPsoChUabaaZ06cvZ.2","action":"ProcessGetUpdates", "result":"Done", "context":{"dataType":"Autofill Profiles", "deleted":"0", "process_failed_to_decrypt":"0", "process_pending_decryption":"0", "process_success":"89", "total":"89"}}
{"logTime": "0606/104055", "correlationVector":"PcKbdVPsoChUabaaZ06cvZ.3","action":"ProcessGetUpdates", "result":"Done", "context":{"dataType":"Autofill", "deleted":"0", "process_failed_to_decrypt":"0", "process_pending_decryption":"0", "process_success":"85", "total":"85"}}
{"logTime": "0606/104055", "correlationVector":"PcKbdVPsoChUabaaZ06cvZ.4","action":"ProcessGetUpdates", "result":"Done", "context":{"dataType":"Extensions", "deleted":"0", "process_failed_to_decrypt":"0", "process_pending_decryption":"0", "process_success":"8", "total":"8"}}
{"logTime": "0606/104055", "correlationVector":"PcKbdVPsoChUabaaZ06cvZ.5","action":"ProcessGetUpdates", "result":"Done", "context":{"dataType":"Extension settings", "deleted":"0", "process_failed_to_decrypt":"0", "process_pending_decryption":"0", "process_success":"9", "total":"9"}}
{"logTime": "0606/104055", "correlationVector":"PcKbdVPsoChUabaaZ06cvZ.6","action":"ProcessGetUpdates", "result":"Done", "context":{"dataType":"Saved Tab Group", "deleted":"54", "process_failed_to_decrypt":"0", "process_pending_decryption":"0", "process_success":"57", "total":"57"}}
{"logTime": "0606/104055", "correlationVector":"PcKbdVPsoChUabaaZ06cvZ.7","action":"ProcessGetUpdates", "result":"Done", "context":{"dataType":"Collection", "deleted":"0", "process_failed_to_decrypt":"0", "process_pending_decryption":"0", "process_success":"2", "total":"2"}}
{"logTime": "0606/104055", "correlationVector":"PcKbdVPsoChUabaaZ06cvZ.8","action":"GetUpdates Response", "result":"Success", "context":Received 250 update(s). cV=PcKbdVPsoChUabaaZ06cvZ.0;server=akswtt00100000c;cloudType=Consumer;environment=Prod_southeastasia_prod-s01-065-apac-southeastasia;migrationStage=NotStarted Some updates remain.}
{"logTime": "0606/104055", "correlationVector":"+16fNN5szbDntB2ptpL4kc","action":"Initial GetUpdates", "result":"", "context":Reason: NEWLY_SUPPORTED_DATATYPE. cV=+16fNN5szbDntB2ptpL4kc}
{"logTime": "0606/104056", "correlationVector":"+16fNN5szbDntB2ptpL4kc.1","action":"SyncServerConnectionManagerRequest", "result":"SYNC_SERVER_OK", "context":{"environment":"Prod_southeastasia_prod-s01-065-apac-southeastasia", "migrationStage":"NotStarted", "server":"akswtt001000001"}}
{"logTime": "0606/104056", "correlationVector":"+16fNN5szbDntB2ptpL4kc.2","action":"ProcessGetUpdates", "result":"Done", "context":{"dataType":"Autofill", "deleted":"0", "process_failed_to_decrypt":"0", "process_pending_decryption":"0", "process_success":"250", "total":"250"}}
{"logTime": "0606/104056", "correlationVector":"+16fNN5szbDntB2ptpL4kc.3","action":"GetUpdates Response", "result":"Success", "context":Received 250 update(s). cV=+16fNN5szbDntB2ptpL4kc.0;server=akswtt001000001;cloudType=Consumer;environment=Prod_southeastasia_prod-s01-065-apac-southeastasia;migrationStage=NotStarted Some updates remain.}
{"logTime": "0606/104056", "correlationVector":"6iXAePanyveIzarr69w6Hv","action":"Initial GetUpdates", "result":"", "context":Reason: NEWLY_SUPPORTED_DATATYPE. cV=6iXAePanyveIzarr69w6Hv}
{"logTime": "0606/104056", "correlationVector":"6iXAePanyveIzarr69w6Hv.1","action":"SyncServerConnectionManagerRequest", "result":"SYNC_SERVER_OK", "context":{"environment":"Prod_southeastasia_prod-s01-065-apac-southeastasia", "migrationStage":"NotStarted", "server":"akswtt00100000c"}}
{"logTime": "0606/104056", "correlationVector":"6iXAePanyveIzarr69w6Hv.2","action":"ProcessGetUpdates", "result":"Done", "context":{"dataType":"Autofill", "deleted":"0", "process_failed_to_decrypt":"0", "process_pending_decryption":"0", "process_success":"250", "total":"250"}}
{"logTime": "0606/104056", "correlationVector":"6iXAePanyveIzarr69w6Hv.3","action":"GetUpdates Response", "result":"Success", "context":Received 250 update(s). cV=6iXAePanyveIzarr69w6Hv.0;server=akswtt00100000c;cloudType=Consumer;environment=Prod_southeastasia_prod-s01-065-apac-southeastasia;migrationStage=NotStarted Some updates remain.}
{"logTime": "0606/104056", "correlationVector":"0LcjN+bNCTKJ6UNo42e3Ih","action":"Initial GetUpdates", "result":"", "context":Reason: NEWLY_SUPPORTED_DATATYPE. cV=0LcjN+bNCTKJ6UNo42e3Ih}
{"logTime": "0606/104057", "correlationVector":"0LcjN+bNCTKJ6UNo42e3Ih.1","action":"SyncServerConnectionManagerRequest", "result":"SYNC_SERVER_OK", "context":{"environment":"Prod_southeastasia_prod-s01-065-apac-southeastasia", "migrationStage":"NotStarted", "server":"akswtt001000014"}}
{"logTime": "0606/104057", "correlationVector":"0LcjN+bNCTKJ6UNo42e3Ih.2","action":"ProcessGetUpdates", "result":"Done", "context":{"dataType":"Autofill", "deleted":"0", "process_failed_to_decrypt":"0", "process_pending_decryption":"0", "process_success":"250", "total":"250"}}
{"logTime": "0606/104057", "correlationVector":"0LcjN+bNCTKJ6UNo42e3Ih.3","action":"GetUpdates Response", "result":"Success", "context":Received 250 update(s). cV=0LcjN+bNCTKJ6UNo42e3Ih.0;server=akswtt001000014;cloudType=Consumer;environment=Prod_southeastasia_prod-s01-065-apac-southeastasia;migrationStage=NotStarted Some updates remain.}
{"logTime": "0606/104057", "correlationVector":"vLmOSKKDcdhidbNyYZrzJ2","action":"Initial GetUpdates", "result":"", "context":Reason: NEWLY_SUPPORTED_DATATYPE. cV=vLmOSKKDcdhidbNyYZrzJ2}
{"logTime": "0606/104057", "correlationVector":"vLmOSKKDcdhidbNyYZrzJ2.1","action":"SyncServerConnectionManagerRequest", "result":"SYNC_SERVER_OK", "context":{"environment":"Prod_southeastasia_prod-s01-065-apac-southeastasia", "migrationStage":"NotStarted", "server":"akswtt00100000k"}}
{"logTime": "0606/104057", "correlationVector":"vLmOSKKDcdhidbNyYZrzJ2.2","action":"ProcessGetUpdates", "result":"Done", "context":{"dataType":"Autofill Profiles", "deleted":"12", "process_failed_to_decrypt":"0", "process_pending_decryption":"0", "process_success":"13", "total":"13"}}
{"logTime": "0606/104057", "correlationVector":"vLmOSKKDcdhidbNyYZrzJ2.3","action":"ProcessGetUpdates", "result":"Done", "context":{"dataType":"Autofill", "deleted":"0", "process_failed_to_decrypt":"0", "process_pending_decryption":"0", "process_success":"126", "total":"126"}}
{"logTime": "0606/104057", "correlationVector":"vLmOSKKDcdhidbNyYZrzJ2.4","action":"ProcessGetUpdates", "result":"Done", "context":{"dataType":"Extensions", "deleted":"0", "process_failed_to_decrypt":"0", "process_pending_decryption":"0", "process_success":"7", "total":"7"}}
{"logTime": "0606/104057", "correlationVector":"vLmOSKKDcdhidbNyYZrzJ2.5","action":"ProcessGetUpdates", "result":"Done", "context":{"dataType":"Sessions", "deleted":"89", "process_failed_to_decrypt":"0", "process_pending_decryption":"0", "process_success":"90", "total":"90"}}
{"logTime": "0606/104057", "correlationVector":"vLmOSKKDcdhidbNyYZrzJ2.6","action":"ProcessGetUpdates", "result":"Done", "context":{"dataType":"Saved Tab Group", "deleted":"1", "process_failed_to_decrypt":"0", "process_pending_decryption":"0", "process_success":"13", "total":"13"}}
{"logTime": "0606/104057", "correlationVector":"vLmOSKKDcdhidbNyYZrzJ2.7","action":"ProcessGetUpdates", "result":"Done", "context":{"dataType":"Edge Hub App Usage", "deleted":"0", "process_failed_to_decrypt":"0", "process_pending_decryption":"0", "process_success":"1", "total":"1"}}
{"logTime": "0606/104057", "correlationVector":"vLmOSKKDcdhidbNyYZrzJ2.8","action":"GetUpdates Response", "result":"Success", "context":Received 250 update(s). cV=vLmOSKKDcdhidbNyYZrzJ2.0;server=akswtt00100000k;cloudType=Consumer;environment=Prod_southeastasia_prod-s01-065-apac-southeastasia;migrationStage=NotStarted Some updates remain.}
{"logTime": "0606/104057", "correlationVector":"5uFQycVedAqDjDD80YSFx4","action":"Initial GetUpdates", "result":"", "context":Reason: NEWLY_SUPPORTED_DATATYPE. cV=5uFQycVedAqDjDD80YSFx4}
{"logTime": "0606/104057", "correlationVector":"5uFQycVedAqDjDD80YSFx4.1","action":"SyncServerConnectionManagerRequest", "result":"SYNC_SERVER_OK", "context":{"environment":"Prod_southeastasia_prod-s01-065-apac-southeastasia", "migrationStage":"NotStarted", "server":"akswtt00100000q"}}
{"logTime": "0606/104057", "correlationVector":"5uFQycVedAqDjDD80YSFx4.2","action":"ProcessGetUpdates", "result":"Done", "context":{"dataType":"Autofill", "deleted":"0", "process_failed_to_decrypt":"0", "process_pending_decryption":"0", "process_success":"9", "total":"9"}}
{"logTime": "0606/104057", "correlationVector":"5uFQycVedAqDjDD80YSFx4.3","action":"ProcessGetUpdates", "result":"Done", "context":{"dataType":"Sessions", "deleted":"60", "process_failed_to_decrypt":"0", "process_pending_decryption":"0", "process_success":"75", "total":"75"}}
{"logTime": "0606/104057", "correlationVector":"5uFQycVedAqDjDD80YSFx4.4","action":"ProcessGetUpdates", "result":"Done", "context":{"dataType":"Edge Hub App Usage", "deleted":"0", "process_failed_to_decrypt":"0", "process_pending_decryption":"0", "process_success":"2", "total":"2"}}
{"logTime": "0606/104057", "correlationVector":"5uFQycVedAqDjDD80YSFx4.5","action":"GetUpdates Response", "result":"Success", "context":Received 86 update(s). cV=5uFQycVedAqDjDD80YSFx4.0;server=akswtt00100000q;cloudType=Consumer;environment=Prod_southeastasia_prod-s01-065-apac-southeastasia;migrationStage=NotStarted}
{"logTime": "0606/104057", "correlationVector":"rgwQh1+36BhScjP9I/Neu4","action":"Initial GetUpdates", "result":"", "context":Reason: NEWLY_SUPPORTED_DATATYPE. cV=rgwQh1+36BhScjP9I/Neu4}
{"logTime": "0606/104058", "correlationVector":"rgwQh1+36BhScjP9I/Neu4.1","action":"SyncServerConnectionManagerRequest", "result":"SYNC_SERVER_OK", "context":{"environment":"Prod_southeastasia_prod-s01-065-apac-southeastasia", "migrationStage":"NotStarted", "server":"akswtt00100000k"}}
{"logTime": "0606/104058", "correlationVector":"rgwQh1+36BhScjP9I/Neu4.2","action":"ProcessGetUpdates", "result":"Done", "context":{"dataType":"History", "deleted":"0", "process_failed_to_decrypt":"0", "process_pending_decryption":"0", "process_success":"250", "total":"250"}}
{"logTime": "0606/104058", "correlationVector":"rgwQh1+36BhScjP9I/Neu4.3","action":"GetUpdates Response", "result":"Success", "context":Received 250 update(s). cV=rgwQh1+36BhScjP9I/Neu4.0;server=akswtt00100000k;cloudType=Consumer;environment=Prod_southeastasia_prod-s01-065-apac-southeastasia;migrationStage=NotStarted Some updates remain.}
{"logTime": "0606/104058", "correlationVector":"3OR2ipSZHNlzJJNylgHHJ4","action":"Initial GetUpdates", "result":"", "context":Reason: NEWLY_SUPPORTED_DATATYPE. cV=3OR2ipSZHNlzJJNylgHHJ4}
{"logTime": "0606/104058", "correlationVector":"3OR2ipSZHNlzJJNylgHHJ4.1","action":"SyncServerConnectionManagerRequest", "result":"SYNC_SERVER_OK", "context":{"environment":"Prod_southeastasia_prod-s01-065-apac-southeastasia", "migrationStage":"NotStarted", "server":"akswtt00100000y"}}
{"logTime": "0606/104058", "correlationVector":"3OR2ipSZHNlzJJNylgHHJ4.2","action":"ProcessGetUpdates", "result":"Done", "context":{"dataType":"History", "deleted":"0", "process_failed_to_decrypt":"0", "process_pending_decryption":"0", "process_success":"250", "total":"250"}}
{"logTime": "0606/104058", "correlationVector":"3OR2ipSZHNlzJJNylgHHJ4.3","action":"GetUpdates Response", "result":"Success", "context":Received 250 update(s). cV=3OR2ipSZHNlzJJNylgHHJ4.0;server=akswtt00100000y;cloudType=Consumer;environment=Prod_southeastasia_prod-s01-065-apac-southeastasia;migrationStage=NotStarted Some updates remain.}
{"logTime": "0606/104058", "correlationVector":"jQ91lGsaJExzVrOHIx5jRY","action":"Initial GetUpdates", "result":"", "context":Reason: NEWLY_SUPPORTED_DATATYPE. cV=jQ91lGsaJExzVrOHIx5jRY}
{"logTime": "0606/104058", "correlationVector":"jQ91lGsaJExzVrOHIx5jRY.1","action":"SyncServerConnectionManagerRequest", "result":"SYNC_SERVER_OK", "context":{"environment":"Prod_southeastasia_prod-s01-065-apac-southeastasia", "migrationStage":"NotStarted", "server":"akswtt001000001"}}
{"logTime": "0606/104058", "correlationVector":"jQ91lGsaJExzVrOHIx5jRY.2","action":"ProcessGetUpdates", "result":"Done", "context":{"dataType":"History", "deleted":"0", "process_failed_to_decrypt":"0", "process_pending_decryption":"0", "process_success":"250", "total":"250"}}
{"logTime": "0606/104058", "correlationVector":"jQ91lGsaJExzVrOHIx5jRY.3","action":"GetUpdates Response", "result":"Success", "context":Received 250 update(s). cV=jQ91lGsaJExzVrOHIx5jRY.0;server=akswtt001000001;cloudType=Consumer;environment=Prod_southeastasia_prod-s01-065-apac-southeastasia;migrationStage=NotStarted Some updates remain.}
{"logTime": "0606/104058", "correlationVector":"ukXguIijAh9T4XP1dszkS0","action":"Initial GetUpdates", "result":"", "context":Reason: NEWLY_SUPPORTED_DATATYPE. cV=ukXguIijAh9T4XP1dszkS0}
{"logTime": "0606/104059", "correlationVector":"ukXguIijAh9T4XP1dszkS0.1","action":"SyncServerConnectionManagerRequest", "result":"SYNC_SERVER_OK", "context":{"environment":"Prod_southeastasia_prod-s01-065-apac-southeastasia", "migrationStage":"NotStarted", "server":"akswtt00100000y"}}
{"logTime": "0606/104059", "correlationVector":"ukXguIijAh9T4XP1dszkS0.2","action":"ProcessGetUpdates", "result":"Done", "context":{"dataType":"History", "deleted":"0", "process_failed_to_decrypt":"0", "process_pending_decryption":"0", "process_success":"250", "total":"250"}}
{"logTime": "0606/104059", "correlationVector":"ukXguIijAh9T4XP1dszkS0.3","action":"GetUpdates Response", "result":"Success", "context":Received 250 update(s). cV=ukXguIijAh9T4XP1dszkS0.0;server=akswtt00100000y;cloudType=Consumer;environment=Prod_southeastasia_prod-s01-065-apac-southeastasia;migrationStage=NotStarted Some updates remain.}
{"logTime": "0606/104059", "correlationVector":"xJMD+K+Z7grTTGS/7A1C55","action":"Initial GetUpdates", "result":"", "context":Reason: NEWLY_SUPPORTED_DATATYPE. cV=xJMD+K+Z7grTTGS/7A1C55}
{"logTime": "0606/104059", "correlationVector":"xJMD+K+Z7grTTGS/7A1C55.1","action":"SyncServerConnectionManagerRequest", "result":"SYNC_SERVER_OK", "context":{"environment":"Prod_southeastasia_prod-s01-065-apac-southeastasia", "migrationStage":"NotStarted", "server":"akswtt001000014"}}
{"logTime": "0606/104059", "correlationVector":"xJMD+K+Z7grTTGS/7A1C55.2","action":"ProcessGetUpdates", "result":"Done", "context":{"dataType":"History", "deleted":"0", "process_failed_to_decrypt":"0", "process_pending_decryption":"0", "process_success":"250", "total":"250"}}
{"logTime": "0606/104059", "correlationVector":"xJMD+K+Z7grTTGS/7A1C55.3","action":"GetUpdates Response", "result":"Success", "context":Received 250 update(s). cV=xJMD+K+Z7grTTGS/7A1C55.0;server=akswtt001000014;cloudType=Consumer;environment=Prod_southeastasia_prod-s01-065-apac-southeastasia;migrationStage=NotStarted Some updates remain.}
{"logTime": "0606/104059", "correlationVector":"cxJMrNCquoNFI87fHSQBRI","action":"Initial GetUpdates", "result":"", "context":Reason: NEWLY_SUPPORTED_DATATYPE. cV=cxJMrNCquoNFI87fHSQBRI}
{"logTime": "0606/104100", "correlationVector":"cxJMrNCquoNFI87fHSQBRI.1","action":"SyncServerConnectionManagerRequest", "result":"SYNC_SERVER_OK", "context":{"environment":"Prod_southeastasia_prod-s01-065-apac-southeastasia", "migrationStage":"NotStarted", "server":"akswtt00100000o"}}
{"logTime": "0606/104100", "correlationVector":"cxJMrNCquoNFI87fHSQBRI.2","action":"ProcessGetUpdates", "result":"Done", "context":{"dataType":"History", "deleted":"0", "process_failed_to_decrypt":"0", "process_pending_decryption":"0", "process_success":"250", "total":"250"}}
{"logTime": "0606/104100", "correlationVector":"cxJMrNCquoNFI87fHSQBRI.3","action":"GetUpdates Response", "result":"Success", "context":Received 250 update(s). cV=cxJMrNCquoNFI87fHSQBRI.0;server=akswtt00100000o;cloudType=Consumer;environment=Prod_southeastasia_prod-s01-065-apac-southeastasia;migrationStage=NotStarted Some updates remain.}
{"logTime": "0606/104100", "correlationVector":"w9vMcYWWDJNlup7nkY6eI+","action":"Initial GetUpdates", "result":"", "context":Reason: NEWLY_SUPPORTED_DATATYPE. cV=w9vMcYWWDJNlup7nkY6eI+}
{"logTime": "0606/104100", "correlationVector":"w9vMcYWWDJNlup7nkY6eI+.1","action":"SyncServerConnectionManagerRequest", "result":"SYNC_SERVER_OK", "context":{"environment":"Prod_southeastasia_prod-s01-065-apac-southeastasia", "migrationStage":"NotStarted", "server":"akswtt00100000y"}}
{"logTime": "0606/104100", "correlationVector":"w9vMcYWWDJNlup7nkY6eI+.2","action":"ProcessGetUpdates", "result":"Done", "context":{"dataType":"History", "deleted":"0", "process_failed_to_decrypt":"0", "process_pending_decryption":"0", "process_success":"134", "total":"134"}}
{"logTime": "0606/104100", "correlationVector":"w9vMcYWWDJNlup7nkY6eI+.3","action":"GetUpdates Response", "result":"Success", "context":Received 134 update(s). cV=w9vMcYWWDJNlup7nkY6eI+.0;server=akswtt00100000y;cloudType=Consumer;environment=Prod_southeastasia_prod-s01-065-apac-southeastasia;migrationStage=NotStarted}
{"logTime": "0606/104100", "correlationVector":"DfKtoLIEoZnvGd1JL0ZMgK","action":"Normal GetUpdate request", "result":"", "context":cV=DfKtoLIEoZnvGd1JL0ZMgK
Nudged types: Sessions, Device Info, User Consents
Refresh requested types: Bookmarks, Preferences, Passwords, Autofill Profiles, Autofill, Extensions, Sessions, Extension settings, History Delete Directives, Device Info, User Consents, Send Tab To Self, Web Apps, History, Saved Tab Group, WebAuthn Credentials, Collection, Edge E Drop, Edge Hub App Usage, Edge Wallet, Edge Workspace, Encryption Keys}
{"logTime": "0606/104100", "correlationVector":"DfKtoLIEoZnvGd1JL0ZMgK.1","action":"SyncServerConnectionManagerRequest", "result":"SYNC_SERVER_OK", "context":{"environment":"Prod_southeastasia_prod-s01-065-apac-southeastasia", "migrationStage":"NotStarted", "server":"akswtt00100001y"}}
{"logTime": "0606/104100", "correlationVector":"DfKtoLIEoZnvGd1JL0ZMgK.2","action":"GetUpdates Response", "result":"Success", "context":Received 0 update(s). cV=DfKtoLIEoZnvGd1JL0ZMgK.0;server=akswtt00100001y;cloudType=Consumer;environment=Prod_southeastasia_prod-s01-065-apac-southeastasia;migrationStage=NotStarted}
{"logTime": "0606/104100", "correlationVector":"BSdn985bwcnaVIlYhEErU1","action":"DoCompareDataConsistency requsted types: ", "result":"Bookmarks, Preferences, Passwords, Extensions, Extension settings, History Delete Directives, Send Tab To Self, Web Apps, History, Saved Tab Group, WebAuthn Credentials, Collection, Edge E Drop, Edge Wallet, Edge Workspace, Encryption Keys"}
{"logTime": "0606/104100", "correlationVector":"BSdn985bwcnaVIlYhEErU1.0","action":"CompareDataConsistency result: ", "result":"Compare result: Encryption Keys is consistent. local entities count is: 1 local entities hash is: aPQJjtwDWEFOta19WcwccglBrHY="}
{"logTime": "0606/104100", "correlationVector":"BSdn985bwcnaVIlYhEErU1.1","action":"CompareDataConsistency result: ", "result":"Compare result: Bookmarks is consistent. local entities count is: 7 local entities hash is: qCGN4+TmtKquI4dFs3qouSYqveI="}
{"logTime": "0606/104100", "correlationVector":"BSdn985bwcnaVIlYhEErU1.2","action":"CompareDataConsistency result: ", "result":"Compare result: Preferences is consistent. local entities count is: 86 local entities hash is: r4ZXJdi10kWm6hIp6PMY0da8kTk="}
{"logTime": "0606/104100", "correlationVector":"BSdn985bwcnaVIlYhEErU1.3","action":"CompareDataConsistency result: ", "result":"Compare result: Extensions is consistent. local entities count is: 15 local entities hash is: 0ZPwnTP6AjFUtlRWm/0c7BE5PRw="}
{"logTime": "0606/104100", "correlationVector":"BSdn985bwcnaVIlYhEErU1.4","action":"CompareDataConsistency result: ", "result":"Compare result: Extension settings is consistent. local entities count is: 9 local entities hash is: LZLbLELcZjddVjovM/Jz65yCIis="}
{"logTime": "0606/104100", "correlationVector":"BSdn985bwcnaVIlYhEErU1.5","action":"CompareDataConsistency result: ", "result":"Compare result: History Delete Directives is consistent. local entities count is: 0 local entities hash is: "}
{"logTime": "0606/104100", "correlationVector":"BSdn985bwcnaVIlYhEErU1.6","action":"CompareDataConsistency result: ", "result":"Server did not send this Send Tab To Self local entities count is: 0 local entities hash is: "}
{"logTime": "0606/104100", "correlationVector":"BSdn985bwcnaVIlYhEErU1.7","action":"CompareDataConsistency result: ", "result":"Compare result: Web Apps is consistent. local entities count is: 0 local entities hash is: "}
{"logTime": "0606/104100", "correlationVector":"BSdn985bwcnaVIlYhEErU1.8","action":"CompareDataConsistency result: ", "result":"Server did not send this History local entities count is: 0 local entities hash is: "}
{"logTime": "0606/104100", "correlationVector":"BSdn985bwcnaVIlYhEErU1.9","action":"CompareDataConsistency result: ", "result":"Compare result: Saved Tab Group is consistent. local entities count is: 15 local entities hash is: hAGRGkQuBPP0JSmUaGkaOG4xeaQ="}
{"logTime": "0606/104100", "correlationVector":"BSdn985bwcnaVIlYhEErU1.10","action":"CompareDataConsistency result: ", "result":"Server did not send this WebAuthn Credentials local entities count is: 0 local entities hash is: "}
{"logTime": "0606/104100", "correlationVector":"BSdn985bwcnaVIlYhEErU1.11","action":"CompareDataConsistency result: ", "result":"Compare result: Collection is consistent. local entities count is: 2 local entities hash is: mKaXMldQtUcDXP0l9wO358u3azY="}
{"logTime": "0606/104100", "correlationVector":"BSdn985bwcnaVIlYhEErU1.12","action":"CompareDataConsistency result: ", "result":"Compare result: Edge E Drop is consistent. local entities count is: 0 local entities hash is: "}
{"logTime": "0606/104100", "correlationVector":"BSdn985bwcnaVIlYhEErU1.13","action":"CompareDataConsistency result: ", "result":"Compare result: Edge Wallet is consistent. local entities count is: 0 local entities hash is: "}
{"logTime": "0606/104100", "correlationVector":"BSdn985bwcnaVIlYhEErU1.14","action":"CompareDataConsistency result: ", "result":"Server did not send this Edge Workspace local entities count is: 0 local entities hash is: "}
{"logTime": "0606/104100", "correlationVector":"BSdn985bwcnaVIlYhEErU1.15","action":"CompareDataConsistency result: ", "result":"Compare result: Passwords is consistent. local entities count is: 117 local entities hash is: rf7X8vgpRUZf5YlDlWisjGCqr68="}
{"logTime": "0606/104100", "correlationVector":"O5M9Tj3YV4nNWtYfrBierI","action":"Commit Request", "result":"", "context":Item count: 4
Contributing types: Sessions, Device Info, User Consents}
{"logTime": "0606/104101", "correlationVector":"O5M9Tj3YV4nNWtYfrBierI.1","action":"SyncServerConnectionManagerRequest", "result":"SYNC_SERVER_OK", "context":{"environment":"Prod_southeastasia_prod-s01-065-apac-southeastasia", "migrationStage":"NotStarted", "server":"akswtt00100001q"}}
{"logTime": "0606/104101", "correlationVector":"O5M9Tj3YV4nNWtYfrBierI.2","action":"Commit Response", "result":"Success", "context":Result: Success. cV=O5M9Tj3YV4nNWtYfrBierI.0;server=akswtt00100001q;cloudType=Consumer;environment=Prod_southeastasia_prod-s01-065-apac-southeastasia;migrationStage=NotStarted}
{"logTime": "0606/104101", "correlationVector":"","action":"DIAGNOSTIC_REQUEST|v1/diagnosticData/Diagnostic.SendCheckResult()|SUCCESS", "result":""}
{"logTime": "0606/104102", "correlationVector":"+oICoKvvTbeb/RcOjyjC33","action":"Normal GetUpdate request", "result":"", "context":cV=+oICoKvvTbeb/RcOjyjC33
Notified types: Preferences, Device Info}
{"logTime": "0606/104102", "correlationVector":"+oICoKvvTbeb/RcOjyjC33.1","action":"SyncServerConnectionManagerRequest", "result":"SYNC_SERVER_OK", "context":{"environment":"Prod_southeastasia_prod-s01-065-apac-southeastasia", "migrationStage":"NotStarted", "server":"akswtt00100000q"}}
{"logTime": "0606/104102", "correlationVector":"+oICoKvvTbeb/RcOjyjC33.2","action":"ProcessGetUpdates", "result":"Done", "context":{"dataType":"Preferences", "deleted":"0", "process_failed_to_decrypt":"0", "process_pending_decryption":"0", "process_success":"1", "total":"1"}}
{"logTime": "0606/104102", "correlationVector":"+oICoKvvTbeb/RcOjyjC33.3","action":"ProcessGetUpdates", "result":"Done", "context":{"dataType":"Sessions", "deleted":"0", "process_failed_to_decrypt":"0", "process_pending_decryption":"0", "process_success":"2", "total":"2"}}
{"logTime": "0606/104102", "correlationVector":"+oICoKvvTbeb/RcOjyjC33.4","action":"ProcessGetUpdates", "result":"Done", "context":{"dataType":"Device Info", "deleted":"0", "process_failed_to_decrypt":"0", "process_pending_decryption":"0", "process_success":"2", "total":"2"}}
{"logTime": "0606/104102", "correlationVector":"+oICoKvvTbeb/RcOjyjC33.5","action":"GetUpdates Response", "result":"Success", "context":Received 5 update(s). cV=+oICoKvvTbeb/RcOjyjC33.0;server=akswtt00100000q;cloudType=Consumer;environment=Prod_southeastasia_prod-s01-065-apac-southeastasia;migrationStage=NotStarted}
{"logTime": "0606/104110", "correlationVector":"tbepaXwbVuEsnpTG6rb2SW","action":"Normal GetUpdate request", "result":"", "context":cV=tbepaXwbVuEsnpTG6rb2SW
Nudged types: Sessions, History
Notified types: Device Info}
{"logTime": "0606/104110", "correlationVector":"tbepaXwbVuEsnpTG6rb2SW.1","action":"SyncServerConnectionManagerRequest", "result":"SYNC_SERVER_OK", "context":{"environment":"Prod_southeastasia_prod-s01-065-apac-southeastasia", "migrationStage":"NotStarted", "server":"akswtt00100001h"}}
{"logTime": "0606/104110", "correlationVector":"tbepaXwbVuEsnpTG6rb2SW.2","action":"ProcessGetUpdates", "result":"Done", "context":{"dataType":"Device Info", "deleted":"0", "process_failed_to_decrypt":"0", "process_pending_decryption":"0", "process_success":"1", "total":"1"}}
{"logTime": "0606/104110", "correlationVector":"tbepaXwbVuEsnpTG6rb2SW.3","action":"GetUpdates Response", "result":"Success", "context":Received 1 update(s). cV=tbepaXwbVuEsnpTG6rb2SW.0;server=akswtt00100001h;cloudType=Consumer;environment=Prod_southeastasia_prod-s01-065-apac-southeastasia;migrationStage=NotStarted}
{"logTime": "0606/104110", "correlationVector":"kalPNuAJawfddVlSGIUe1D","action":"Commit Request", "result":"", "context":Item count: 2
Contributing types: Sessions, History}
{"logTime": "0606/104110", "correlationVector":"kalPNuAJawfddVlSGIUe1D.1","action":"SyncServerConnectionManagerRequest", "result":"SYNC_SERVER_OK", "context":{"environment":"Prod_southeastasia_prod-s01-065-apac-southeastasia", "migrationStage":"NotStarted", "server":"akswtt00100000q"}}
{"logTime": "0606/104110", "correlationVector":"kalPNuAJawfddVlSGIUe1D.2","action":"Commit Response", "result":"Success", "context":Result: Success. cV=kalPNuAJawfddVlSGIUe1D.0;server=akswtt00100000q;cloudType=Consumer;environment=Prod_southeastasia_prod-s01-065-apac-southeastasia;migrationStage=NotStarted}
{"logTime": "0606/104111", "correlationVector":"HHtJYxUPY9s8tL07x+1QEs","action":"Normal GetUpdate request", "result":"", "context":cV=HHtJYxUPY9s8tL07x+1QEs
Nudged types: Sessions, History
Notified types: Preferences}
{"logTime": "0606/104111", "correlationVector":"HHtJYxUPY9s8tL07x+1QEs.1","action":"SyncServerConnectionManagerRequest", "result":"SYNC_SERVER_OK", "context":{"environment":"Prod_southeastasia_prod-s01-065-apac-southeastasia", "migrationStage":"NotStarted", "server":"akswtt00100000i"}}
{"logTime": "0606/104111", "correlationVector":"HHtJYxUPY9s8tL07x+1QEs.2","action":"ProcessGetUpdates", "result":"Done", "context":{"dataType":"Preferences", "deleted":"0", "process_failed_to_decrypt":"0", "process_pending_decryption":"0", "process_success":"1", "total":"1"}}
{"logTime": "0606/104111", "correlationVector":"HHtJYxUPY9s8tL07x+1QEs.3","action":"ProcessGetUpdates", "result":"Done", "context":{"dataType":"Sessions", "deleted":"0", "process_failed_to_decrypt":"0", "process_pending_decryption":"0", "process_success":"1", "total":"1"}}
{"logTime": "0606/104111", "correlationVector":"HHtJYxUPY9s8tL07x+1QEs.4","action":"ProcessGetUpdates", "result":"Done", "context":{"dataType":"History", "deleted":"0", "process_failed_to_decrypt":"0", "process_pending_decryption":"0", "process_success":"1", "total":"1"}}
{"logTime": "0606/104111", "correlationVector":"HHtJYxUPY9s8tL07x+1QEs.5","action":"GetUpdates Response", "result":"Success", "context":Received 3 update(s). cV=HHtJYxUPY9s8tL07x+1QEs.0;server=akswtt00100000i;cloudType=Consumer;environment=Prod_southeastasia_prod-s01-065-apac-southeastasia;migrationStage=NotStarted}
{"logTime": "0606/104119", "correlationVector":"aUZwc0JsG5JxlXnVT95M04","action":"Commit Request", "result":"", "context":Item count: 40
Contributing types: Passwords}
{"logTime": "0606/104121", "correlationVector":"aUZwc0JsG5JxlXnVT95M04.1","action":"SyncServerConnectionManagerRequest", "result":"SYNC_SERVER_OK", "context":{"environment":"Prod_southeastasia_prod-s01-065-apac-southeastasia", "migrationStage":"NotStarted", "server":"akswtt001000007"}}
{"logTime": "0606/104121", "correlationVector":"aUZwc0JsG5JxlXnVT95M04.2","action":"Commit Response", "result":"Success", "context":Result: Success. cV=aUZwc0JsG5JxlXnVT95M04.0;server=akswtt001000007;cloudType=Consumer;environment=Prod_southeastasia_prod-s01-065-apac-southeastasia;migrationStage=NotStarted}
{"logTime": "0606/104121", "correlationVector":"jN0pO0S0qBzkuippbD/6X9","action":"Commit Request", "result":"", "context":Item count: 40
Contributing types: Passwords}
{"logTime": "0606/104123", "correlationVector":"jN0pO0S0qBzkuippbD/6X9.1","action":"SyncServerConnectionManagerRequest", "result":"SYNC_SERVER_OK", "context":{"environment":"Prod_southeastasia_prod-s01-065-apac-southeastasia", "migrationStage":"NotStarted", "server":"akswtt00100000i"}}
{"logTime": "0606/104123", "correlationVector":"jN0pO0S0qBzkuippbD/6X9.2","action":"Commit Response", "result":"Success", "context":Result: Success. cV=jN0pO0S0qBzkuippbD/6X9.0;server=akswtt00100000i;cloudType=Consumer;environment=Prod_southeastasia_prod-s01-065-apac-southeastasia;migrationStage=NotStarted}
{"logTime": "0606/104123", "correlationVector":"vjee8KQul+JtLeTQVA1tbl","action":"Commit Request", "result":"", "context":Item count: 33
Contributing types: Preferences, Passwords}
{"logTime": "0606/104124", "correlationVector":"vjee8KQul+JtLeTQVA1tbl.1","action":"SyncServerConnectionManagerRequest", "result":"SYNC_SERVER_OK", "context":{"environment":"Prod_southeastasia_prod-s01-065-apac-southeastasia", "migrationStage":"NotStarted", "server":"akswtt00100001y"}}
{"logTime": "0606/104124", "correlationVector":"vjee8KQul+JtLeTQVA1tbl.2","action":"Commit Response", "result":"Success", "context":Result: Success. cV=vjee8KQul+JtLeTQVA1tbl.0;server=akswtt00100001y;cloudType=Consumer;environment=Prod_southeastasia_prod-s01-065-apac-southeastasia;migrationStage=NotStarted}
{"logTime": "0606/104147", "correlationVector":"eLz7EOnb9tPJ5Q4Q1716Yq","action":"Commit Request", "result":"", "context":Item count: 40
Contributing types: Passwords}
{"logTime": "0606/104149", "correlationVector":"eLz7EOnb9tPJ5Q4Q1716Yq.1","action":"SyncServerConnectionManagerRequest", "result":"SYNC_SERVER_OK", "context":{"environment":"Prod_southeastasia_prod-s01-065-apac-southeastasia", "migrationStage":"NotStarted", "server":"akswtt00100001q"}}
{"logTime": "0606/104149", "correlationVector":"eLz7EOnb9tPJ5Q4Q1716Yq.2","action":"Commit Response", "result":"Success", "context":Result: Success. cV=eLz7EOnb9tPJ5Q4Q1716Yq.0;server=akswtt00100001q;cloudType=Consumer;environment=Prod_southeastasia_prod-s01-065-apac-southeastasia;migrationStage=NotStarted}
{"logTime": "0606/104149", "correlationVector":"zkBgbP950lEV6630wlZD4P","action":"Commit Request", "result":"", "context":Item count: 40
Contributing types: Passwords}
{"logTime": "0606/104151", "correlationVector":"zkBgbP950lEV6630wlZD4P.1","action":"SyncServerConnectionManagerRequest", "result":"SYNC_SERVER_OK", "context":{"environment":"Prod_southeastasia_prod-s01-065-apac-southeastasia", "migrationStage":"NotStarted", "server":"akswtt001000016"}}
{"logTime": "0606/104151", "correlationVector":"zkBgbP950lEV6630wlZD4P.2","action":"Commit Response", "result":"Success", "context":Result: Success. cV=zkBgbP950lEV6630wlZD4P.0;server=akswtt001000016;cloudType=Consumer;environment=Prod_southeastasia_prod-s01-065-apac-southeastasia;migrationStage=NotStarted}
{"logTime": "0606/104151", "correlationVector":"xjgJfzhJdaPS9xUU40AKpq","action":"Commit Request", "result":"", "context":Item count: 37
Contributing types: Passwords}
{"logTime": "0606/104152", "correlationVector":"xjgJfzhJdaPS9xUU40AKpq.1","action":"SyncServerConnectionManagerRequest", "result":"SYNC_SERVER_OK", "context":{"environment":"Prod_southeastasia_prod-s01-065-apac-southeastasia", "migrationStage":"NotStarted", "server":"akswtt00100000i"}}
{"logTime": "0606/104152", "correlationVector":"xjgJfzhJdaPS9xUU40AKpq.2","action":"Commit Response", "result":"Success", "context":Result: Success. cV=xjgJfzhJdaPS9xUU40AKpq.0;server=akswtt00100000i;cloudType=Consumer;environment=Prod_southeastasia_prod-s01-065-apac-southeastasia;migrationStage=NotStarted}
{"logTime": "0606/104224", "correlationVector":"a+zk6Lv2UDlJkYAPuNNi4b","action":"Normal GetUpdate request", "result":"", "context":cV=a+zk6Lv2UDlJkYAPuNNi4b
Notified types: Preferences, Device Info}
{"logTime": "0606/104225", "correlationVector":"a+zk6Lv2UDlJkYAPuNNi4b.1","action":"SyncServerConnectionManagerRequest", "result":"SYNC_SERVER_OK", "context":{"environment":"Prod_southeastasia_prod-s01-065-apac-southeastasia", "migrationStage":"NotStarted", "server":"akswtt001000007"}}
{"logTime": "0606/104225", "correlationVector":"a+zk6Lv2UDlJkYAPuNNi4b.2","action":"ProcessGetUpdates", "result":"Done", "context":{"dataType":"Preferences", "deleted":"0", "process_failed_to_decrypt":"0", "process_pending_decryption":"0", "process_success":"2", "total":"2"}}
{"logTime": "0606/104225", "correlationVector":"a+zk6Lv2UDlJkYAPuNNi4b.3","action":"ProcessGetUpdates", "result":"Done", "context":{"dataType":"Passwords", "deleted":"0", "process_failed_to_decrypt":"0", "process_pending_decryption":"0", "process_success":"117", "total":"117"}}
{"logTime": "0606/104225", "correlationVector":"a+zk6Lv2UDlJkYAPuNNi4b.4","action":"ProcessGetUpdates", "result":"Done", "context":{"dataType":"Device Info", "deleted":"0", "process_failed_to_decrypt":"0", "process_pending_decryption":"0", "process_success":"1", "total":"1"}}
{"logTime": "0606/104225", "correlationVector":"a+zk6Lv2UDlJkYAPuNNi4b.5","action":"GetUpdates Response", "result":"Success", "context":Received 120 update(s). cV=a+zk6Lv2UDlJkYAPuNNi4b.0;server=akswtt001000007;cloudType=Consumer;environment=Prod_southeastasia_prod-s01-065-apac-southeastasia;migrationStage=NotStarted}
{"logTime": "0606/104542", "correlationVector":"2vpVNb15kWPbcZjiZR5z7F","action":"Commit Request", "result":"", "context":Item count: 4
Contributing types: Sessions, History}
{"logTime": "0606/104542", "correlationVector":"2vpVNb15kWPbcZjiZR5z7F.1","action":"SyncServerConnectionManagerRequest", "result":"SYNC_SERVER_OK", "context":{"environment":"Prod_southeastasia_prod-s01-065-apac-southeastasia", "migrationStage":"NotStarted", "server":"akswtt00100001n"}}
{"logTime": "0606/104542", "correlationVector":"2vpVNb15kWPbcZjiZR5z7F.2","action":"Commit Response", "result":"Success", "context":Result: Success. cV=2vpVNb15kWPbcZjiZR5z7F.0;server=akswtt00100001n;cloudType=Consumer;environment=Prod_southeastasia_prod-s01-065-apac-southeastasia;migrationStage=NotStarted}
{"logTime": "0606/105002", "correlationVector":"vTt8u/f5J2Ya0aNKSr2PWf","action":"Normal GetUpdate request", "result":"", "context":cV=vTt8u/f5J2Ya0aNKSr2PWf
Notified types: History}
{"logTime": "0606/105002", "correlationVector":"vTt8u/f5J2Ya0aNKSr2PWf.1","action":"SyncServerConnectionManagerRequest", "result":"SYNC_SERVER_OK", "context":{"environment":"Prod_southeastasia_prod-s01-065-apac-southeastasia", "migrationStage":"NotStarted", "server":"akswtt001000009"}}
{"logTime": "0606/105002", "correlationVector":"vTt8u/f5J2Ya0aNKSr2PWf.2","action":"ProcessGetUpdates", "result":"Done", "context":{"dataType":"Sessions", "deleted":"0", "process_failed_to_decrypt":"0", "process_pending_decryption":"0", "process_success":"4", "total":"4"}}
{"logTime": "0606/105002", "correlationVector":"vTt8u/f5J2Ya0aNKSr2PWf.3","action":"ProcessGetUpdates", "result":"Done", "context":{"dataType":"History", "deleted":"0", "process_failed_to_decrypt":"0", "process_pending_decryption":"0", "process_success":"13", "total":"13"}}
{"logTime": "0606/105002", "correlationVector":"vTt8u/f5J2Ya0aNKSr2PWf.4","action":"GetUpdates Response", "result":"Success", "context":Received 17 update(s). cV=vTt8u/f5J2Ya0aNKSr2PWf.0;server=akswtt001000009;cloudType=Consumer;environment=Prod_southeastasia_prod-s01-065-apac-southeastasia;migrationStage=NotStarted}
{"logTime": "0606/105117", "correlationVector":"49+cFJZ02y3Ko1D661zkK9","action":"Normal GetUpdate request", "result":"", "context":cV=49+cFJZ02y3Ko1D661zkK9
Notified types: History}
{"logTime": "0606/105117", "correlationVector":"49+cFJZ02y3Ko1D661zkK9.1","action":"SyncServerConnectionManagerRequest", "result":"SYNC_SERVER_OK", "context":{"environment":"Prod_southeastasia_prod-s01-065-apac-southeastasia", "migrationStage":"NotStarted", "server":"akswtt00100000k"}}
{"logTime": "0606/105117", "correlationVector":"49+cFJZ02y3Ko1D661zkK9.2","action":"ProcessGetUpdates", "result":"Done", "context":{"dataType":"Sessions", "deleted":"0", "process_failed_to_decrypt":"0", "process_pending_decryption":"0", "process_success":"2", "total":"2"}}
{"logTime": "0606/105117", "correlationVector":"49+cFJZ02y3Ko1D661zkK9.3","action":"ProcessGetUpdates", "result":"Done", "context":{"dataType":"History", "deleted":"0", "process_failed_to_decrypt":"0", "process_pending_decryption":"0", "process_success":"3", "total":"3"}}
{"logTime": "0606/105117", "correlationVector":"49+cFJZ02y3Ko1D661zkK9.4","action":"GetUpdates Response", "result":"Success", "context":Received 5 update(s). cV=49+cFJZ02y3Ko1D661zkK9.0;server=akswtt00100000k;cloudType=Consumer;environment=Prod_southeastasia_prod-s01-065-apac-southeastasia;migrationStage=NotStarted}
{"logTime": "0606/105339", "correlationVector":"q5YBboyzU4JCYB/uH6Rpyb","action":"Normal GetUpdate request", "result":"", "context":cV=q5YBboyzU4JCYB/uH6Rpyb
Nudged types: Sessions, History
Notified types: Device Info}
{"logTime": "0606/105339", "correlationVector":"q5YBboyzU4JCYB/uH6Rpyb.1","action":"SyncServerConnectionManagerRequest", "result":"SYNC_SERVER_OK", "context":{"environment":"Prod_southeastasia_prod-s01-065-apac-southeastasia", "migrationStage":"NotStarted", "server":"akswtt00100001s"}}
{"logTime": "0606/105339", "correlationVector":"q5YBboyzU4JCYB/uH6Rpyb.2","action":"ProcessGetUpdates", "result":"Done", "context":{"dataType":"Device Info", "deleted":"0", "process_failed_to_decrypt":"0", "process_pending_decryption":"0", "process_success":"1", "total":"1"}}
{"logTime": "0606/105339", "correlationVector":"q5YBboyzU4JCYB/uH6Rpyb.3","action":"GetUpdates Response", "result":"Success", "context":Received 1 update(s). cV=q5YBboyzU4JCYB/uH6Rpyb.0;server=akswtt00100001s;cloudType=Consumer;environment=Prod_southeastasia_prod-s01-065-apac-southeastasia;migrationStage=NotStarted}
{"logTime": "0606/105339", "correlationVector":"9+DXSTw5O/kQwGuVN7/hnY","action":"Commit Request", "result":"", "context":Item count: 6
Contributing types: Sessions, History}
{"logTime": "0606/105340", "correlationVector":"9+DXSTw5O/kQwGuVN7/hnY.1","action":"SyncServerConnectionManagerRequest", "result":"SYNC_SERVER_OK", "context":{"environment":"Prod_southeastasia_prod-s01-065-apac-southeastasia", "migrationStage":"NotStarted", "server":"akswtt001000000"}}
{"logTime": "0606/105340", "correlationVector":"9+DXSTw5O/kQwGuVN7/hnY.2","action":"Commit Response", "result":"Success", "context":Result: Success. cV=9+DXSTw5O/kQwGuVN7/hnY.0;server=akswtt001000000;cloudType=Consumer;environment=Prod_southeastasia_prod-s01-065-apac-southeastasia;migrationStage=NotStarted}
{"logTime": "0606/105341", "correlationVector":"One5ps/4CNeSOww3YpRuEh","action":"Normal GetUpdate request", "result":"", "context":cV=One5ps/4CNeSOww3YpRuEh
Nudged types: Sessions, History
Notified types: Preferences}
{"logTime": "0606/105341", "correlationVector":"One5ps/4CNeSOww3YpRuEh.1","action":"SyncServerConnectionManagerRequest", "result":"SYNC_SERVER_OK", "context":{"environment":"Prod_southeastasia_prod-s01-065-apac-southeastasia", "migrationStage":"NotStarted", "server":"akswtt00100001s"}}
{"logTime": "0606/105341", "correlationVector":"One5ps/4CNeSOww3YpRuEh.2","action":"ProcessGetUpdates", "result":"Done", "context":{"dataType":"Preferences", "deleted":"0", "process_failed_to_decrypt":"0", "process_pending_decryption":"0", "process_success":"1", "total":"1"}}
{"logTime": "0606/105341", "correlationVector":"One5ps/4CNeSOww3YpRuEh.3","action":"ProcessGetUpdates", "result":"Done", "context":{"dataType":"Sessions", "deleted":"0", "process_failed_to_decrypt":"0", "process_pending_decryption":"0", "process_success":"1", "total":"1"}}
{"logTime": "0606/105341", "correlationVector":"One5ps/4CNeSOww3YpRuEh.4","action":"ProcessGetUpdates", "result":"Done", "context":{"dataType":"History", "deleted":"0", "process_failed_to_decrypt":"0", "process_pending_decryption":"0", "process_success":"5", "total":"5"}}
{"logTime": "0606/105341", "correlationVector":"One5ps/4CNeSOww3YpRuEh.5","action":"GetUpdates Response", "result":"Success", "context":Received 7 update(s). cV=One5ps/4CNeSOww3YpRuEh.0;server=akswtt00100001s;cloudType=Consumer;environment=Prod_southeastasia_prod-s01-065-apac-southeastasia;migrationStage=NotStarted}
{"logTime": "0606/105436", "correlationVector":"V4kVxpeil3za+NIQM12x8Y","action":"Normal GetUpdate request", "result":"", "context":cV=V4kVxpeil3za+NIQM12x8Y
Notified types: Device Info}
{"logTime": "0606/105436", "correlationVector":"V4kVxpeil3za+NIQM12x8Y.1","action":"SyncServerConnectionManagerRequest", "result":"SYNC_SERVER_OK", "context":{"environment":"Prod_southeastasia_prod-s01-065-apac-southeastasia", "migrationStage":"NotStarted", "server":"akswtt00100000d"}}
{"logTime": "0606/105436", "correlationVector":"V4kVxpeil3za+NIQM12x8Y.2","action":"ProcessGetUpdates", "result":"Done", "context":{"dataType":"Device Info", "deleted":"0", "process_failed_to_decrypt":"0", "process_pending_decryption":"0", "process_success":"1", "total":"1"}}
{"logTime": "0606/105436", "correlationVector":"V4kVxpeil3za+NIQM12x8Y.3","action":"GetUpdates Response", "result":"Success", "context":Received 1 update(s). cV=V4kVxpeil3za+NIQM12x8Y.0;server=akswtt00100000d;cloudType=Consumer;environment=Prod_southeastasia_prod-s01-065-apac-southeastasia;migrationStage=NotStarted}
{"logTime": "0606/105438", "correlationVector":"j111t9zK3sggDyoXzNVrxp","action":"Normal GetUpdate request", "result":"", "context":cV=j111t9zK3sggDyoXzNVrxp
Notified types: Preferences}
{"logTime": "0606/105438", "correlationVector":"j111t9zK3sggDyoXzNVrxp.1","action":"SyncServerConnectionManagerRequest", "result":"SYNC_SERVER_OK", "context":{"environment":"Prod_southeastasia_prod-s01-065-apac-southeastasia", "migrationStage":"NotStarted", "server":"akswtt001000011"}}
{"logTime": "0606/105438", "correlationVector":"j111t9zK3sggDyoXzNVrxp.2","action":"ProcessGetUpdates", "result":"Done", "context":{"dataType":"Preferences", "deleted":"0", "process_failed_to_decrypt":"0", "process_pending_decryption":"0", "process_success":"1", "total":"1"}}
{"logTime": "0606/105438", "correlationVector":"j111t9zK3sggDyoXzNVrxp.3","action":"GetUpdates Response", "result":"Success", "context":Received 1 update(s). cV=j111t9zK3sggDyoXzNVrxp.0;server=akswtt001000011;cloudType=Consumer;environment=Prod_southeastasia_prod-s01-065-apac-southeastasia;migrationStage=NotStarted}
{"logTime": "0606/105607", "correlationVector":"A778xwrUrW2//j6Hjk2oo8","action":"Commit Request", "result":"", "context":Item count: 1
Contributing types: Sessions}
{"logTime": "0606/105607", "correlationVector":"A778xwrUrW2//j6Hjk2oo8.1","action":"SyncServerConnectionManagerRequest", "result":"SYNC_SERVER_OK", "context":{"environment":"Prod_southeastasia_prod-s01-064-apac-southeastasia", "migrationStage":"NotStarted", "server":"akswtt001000003"}}
{"logTime": "0606/105607", "correlationVector":"A778xwrUrW2//j6Hjk2oo8.2","action":"Commit Response", "result":"Success", "context":Result: Success. cV=A778xwrUrW2//j6Hjk2oo8.0;server=akswtt001000003;cloudType=Consumer;environment=Prod_southeastasia_prod-s01-064-apac-southeastasia;migrationStage=NotStarted}
{"logTime": "0606/105646", "correlationVector":"J5mqjoHkf6Cjlm5JKxqCeK","action":"Normal GetUpdate request", "result":"", "context":cV=J5mqjoHkf6Cjlm5JKxqCeK
Notified types: Device Info}
{"logTime": "0606/105647", "correlationVector":"J5mqjoHkf6Cjlm5JKxqCeK.1","action":"SyncServerConnectionManagerRequest", "result":"SYNC_SERVER_OK", "context":{"environment":"Prod_southeastasia_prod-s01-064-apac-southeastasia", "migrationStage":"NotStarted", "server":"akswtt00100001v"}}
{"logTime": "0606/105647", "correlationVector":"J5mqjoHkf6Cjlm5JKxqCeK.2","action":"ProcessGetUpdates", "result":"Done", "context":{"dataType":"Sessions", "deleted":"0", "process_failed_to_decrypt":"0", "process_pending_decryption":"0", "process_success":"1", "total":"1"}}
{"logTime": "0606/105647", "correlationVector":"J5mqjoHkf6Cjlm5JKxqCeK.3","action":"ProcessGetUpdates", "result":"Done", "context":{"dataType":"Device Info", "deleted":"0", "process_failed_to_decrypt":"0", "process_pending_decryption":"0", "process_success":"1", "total":"1"}}
{"logTime": "0606/105647", "correlationVector":"J5mqjoHkf6Cjlm5JKxqCeK.4","action":"GetUpdates Response", "result":"Success", "context":Received 2 update(s). cV=J5mqjoHkf6Cjlm5JKxqCeK.0;server=akswtt00100001v;cloudType=Consumer;environment=Prod_southeastasia_prod-s01-064-apac-southeastasia;migrationStage=NotStarted}
{"logTime": "0606/105649", "correlationVector":"kwkUyaUBJrWVIdMa6ZeZA1","action":"Normal GetUpdate request", "result":"", "context":cV=kwkUyaUBJrWVIdMa6ZeZA1
Notified types: Preferences}
{"logTime": "0606/105649", "correlationVector":"kwkUyaUBJrWVIdMa6ZeZA1.1","action":"SyncServerConnectionManagerRequest", "result":"SYNC_SERVER_OK", "context":{"environment":"Prod_southeastasia_prod-s01-064-apac-southeastasia", "migrationStage":"NotStarted", "server":"akswtt00100000f"}}
{"logTime": "0606/105649", "correlationVector":"kwkUyaUBJrWVIdMa6ZeZA1.2","action":"ProcessGetUpdates", "result":"Done", "context":{"dataType":"Preferences", "deleted":"0", "process_failed_to_decrypt":"0", "process_pending_decryption":"0", "process_success":"1", "total":"1"}}
{"logTime": "0606/105649", "correlationVector":"kwkUyaUBJrWVIdMa6ZeZA1.3","action":"GetUpdates Response", "result":"Success", "context":Received 1 update(s). cV=kwkUyaUBJrWVIdMa6ZeZA1.0;server=akswtt00100000f;cloudType=Consumer;environment=Prod_southeastasia_prod-s01-064-apac-southeastasia;migrationStage=NotStarted}
{"logTime": "0606/110012", "correlationVector":"vuVIty4/2FHywWJlEzpS3s","action":"Commit Request", "result":"", "context":Item count: 6
Contributing types: Sessions, History}
{"logTime": "0606/110012", "correlationVector":"vuVIty4/2FHywWJlEzpS3s.1","action":"SyncServerConnectionManagerRequest", "result":"SYNC_SERVER_OK", "context":{"environment":"Prod_southeastasia_prod-s01-065-apac-southeastasia", "migrationStage":"NotStarted", "server":"akswtt00100001n"}}
{"logTime": "0606/110012", "correlationVector":"vuVIty4/2FHywWJlEzpS3s.2","action":"Commit Response", "result":"Success", "context":Result: Success. cV=vuVIty4/2FHywWJlEzpS3s.0;server=akswtt00100001n;cloudType=Consumer;environment=Prod_southeastasia_prod-s01-065-apac-southeastasia;migrationStage=NotStarted}
{"logTime": "0606/110033", "correlationVector":"l66r7RCtRdrAJ9nv0kJpMc","action":"Normal GetUpdate request", "result":"", "context":cV=l66r7RCtRdrAJ9nv0kJpMc
Nudged types: Sessions, History
Notified types: Preferences, Device Info}
{"logTime": "0606/110034", "correlationVector":"l66r7RCtRdrAJ9nv0kJpMc.1","action":"SyncServerConnectionManagerRequest", "result":"SYNC_SERVER_OK", "context":{"environment":"Prod_southeastasia_prod-s01-065-apac-southeastasia", "migrationStage":"NotStarted", "server":"akswtt00100001p"}}
{"logTime": "0606/110034", "correlationVector":"l66r7RCtRdrAJ9nv0kJpMc.2","action":"ProcessGetUpdates", "result":"Done", "context":{"dataType":"Preferences", "deleted":"0", "process_failed_to_decrypt":"0", "process_pending_decryption":"0", "process_success":"1", "total":"1"}}
{"logTime": "0606/110034", "correlationVector":"l66r7RCtRdrAJ9nv0kJpMc.3","action":"ProcessGetUpdates", "result":"Done", "context":{"dataType":"Sessions", "deleted":"0", "process_failed_to_decrypt":"0", "process_pending_decryption":"0", "process_success":"1", "total":"1"}}
{"logTime": "0606/110034", "correlationVector":"l66r7RCtRdrAJ9nv0kJpMc.4","action":"ProcessGetUpdates", "result":"Done", "context":{"dataType":"Device Info", "deleted":"0", "process_failed_to_decrypt":"0", "process_pending_decryption":"0", "process_success":"1", "total":"1"}}
{"logTime": "0606/110034", "correlationVector":"l66r7RCtRdrAJ9nv0kJpMc.5","action":"ProcessGetUpdates", "result":"Done", "context":{"dataType":"History", "deleted":"0", "process_failed_to_decrypt":"0", "process_pending_decryption":"0", "process_success":"5", "total":"5"}}
{"logTime": "0606/110034", "correlationVector":"l66r7RCtRdrAJ9nv0kJpMc.6","action":"GetUpdates Response", "result":"Success", "context":Received 8 update(s). cV=l66r7RCtRdrAJ9nv0kJpMc.0;server=akswtt00100001p;cloudType=Consumer;environment=Prod_southeastasia_prod-s01-065-apac-southeastasia;migrationStage=NotStarted}
{"logTime": "0606/110034", "correlationVector":"Jq3xVpwCpvKF0zGa74YbQI","action":"Commit Request", "result":"", "context":Item count: 4
Contributing types: Sessions, History}
{"logTime": "0606/110034", "correlationVector":"Jq3xVpwCpvKF0zGa74YbQI.1","action":"SyncServerConnectionManagerRequest", "result":"SYNC_SERVER_OK", "context":{"environment":"Prod_southeastasia_prod-s01-065-apac-southeastasia", "migrationStage":"NotStarted", "server":"akswtt00100001n"}}
{"logTime": "0606/110034", "correlationVector":"Jq3xVpwCpvKF0zGa74YbQI.2","action":"Commit Response", "result":"Success", "context":Result: Success. cV=Jq3xVpwCpvKF0zGa74YbQI.0;server=akswtt00100001n;cloudType=Consumer;environment=Prod_southeastasia_prod-s01-065-apac-southeastasia;migrationStage=NotStarted}
{"logTime": "0606/110057", "correlationVector":"rofnp84/XpYsS+GPncjUR4","action":"Normal GetUpdate request", "result":"", "context":cV=rofnp84/XpYsS+GPncjUR4
Nudged types: Sessions, History
Notified types: Preferences, Device Info, History}
{"logTime": "0606/110057", "correlationVector":"rofnp84/XpYsS+GPncjUR4.1","action":"SyncServerConnectionManagerRequest", "result":"SYNC_SERVER_OK", "context":{"environment":"Prod_southeastasia_prod-s01-065-apac-southeastasia", "migrationStage":"NotStarted", "server":"akswtt00100001h"}}
{"logTime": "0606/110057", "correlationVector":"rofnp84/XpYsS+GPncjUR4.2","action":"ProcessGetUpdates", "result":"Done", "context":{"dataType":"Preferences", "deleted":"0", "process_failed_to_decrypt":"0", "process_pending_decryption":"0", "process_success":"1", "total":"1"}}
{"logTime": "0606/110057", "correlationVector":"rofnp84/XpYsS+GPncjUR4.3","action":"ProcessGetUpdates", "result":"Done", "context":{"dataType":"Sessions", "deleted":"1", "process_failed_to_decrypt":"0", "process_pending_decryption":"0", "process_success":"4", "total":"4"}}
{"logTime": "0606/110057", "correlationVector":"rofnp84/XpYsS+GPncjUR4.4","action":"ProcessGetUpdates", "result":"Done", "context":{"dataType":"Device Info", "deleted":"0", "process_failed_to_decrypt":"0", "process_pending_decryption":"0", "process_success":"1", "total":"1"}}
{"logTime": "0606/110057", "correlationVector":"rofnp84/XpYsS+GPncjUR4.5","action":"ProcessGetUpdates", "result":"Done", "context":{"dataType":"History", "deleted":"0", "process_failed_to_decrypt":"0", "process_pending_decryption":"0", "process_success":"4", "total":"4"}}
{"logTime": "0606/110057", "correlationVector":"rofnp84/XpYsS+GPncjUR4.6","action":"GetUpdates Response", "result":"Success", "context":Received 10 update(s). cV=rofnp84/XpYsS+GPncjUR4.0;server=akswtt00100001h;cloudType=Consumer;environment=Prod_southeastasia_prod-s01-065-apac-southeastasia;migrationStage=NotStarted}
{"logTime": "0606/110057", "correlationVector":"Up/pEcXv8aCcwxk1lJZ0VW","action":"Commit Request", "result":"", "context":Item count: 3
Contributing types: Sessions, History}
{"logTime": "0606/110058", "correlationVector":"Up/pEcXv8aCcwxk1lJZ0VW.1","action":"SyncServerConnectionManagerRequest", "result":"SYNC_SERVER_OK", "context":{"environment":"Prod_southeastasia_prod-s01-065-apac-southeastasia", "migrationStage":"NotStarted", "server":"akswtt001000006"}}
{"logTime": "0606/110058", "correlationVector":"Up/pEcXv8aCcwxk1lJZ0VW.2","action":"Commit Response", "result":"Success", "context":Result: Success. cV=Up/pEcXv8aCcwxk1lJZ0VW.0;server=akswtt001000006;cloudType=Consumer;environment=Prod_southeastasia_prod-s01-065-apac-southeastasia;migrationStage=NotStarted}
{"logTime": "0606/110116", "correlationVector":"KPhlS7vJJ3KP04WsracyTr","action":"Normal GetUpdate request", "result":"", "context":cV=KPhlS7vJJ3KP04WsracyTr
Nudged types: Sessions, History
Notified types: Device Info}
{"logTime": "0606/110116", "correlationVector":"KPhlS7vJJ3KP04WsracyTr.1","action":"SyncServerConnectionManagerRequest", "result":"SYNC_SERVER_OK", "context":{"environment":"Prod_southeastasia_prod-s01-065-apac-southeastasia", "migrationStage":"NotStarted", "server":"akswtt001000000"}}
{"logTime": "0606/110116", "correlationVector":"KPhlS7vJJ3KP04WsracyTr.2","action":"ProcessGetUpdates", "result":"Done", "context":{"dataType":"Sessions", "deleted":"0", "process_failed_to_decrypt":"0", "process_pending_decryption":"0", "process_success":"1", "total":"1"}}
{"logTime": "0606/110116", "correlationVector":"KPhlS7vJJ3KP04WsracyTr.3","action":"ProcessGetUpdates", "result":"Done", "context":{"dataType":"Device Info", "deleted":"0", "process_failed_to_decrypt":"0", "process_pending_decryption":"0", "process_success":"1", "total":"1"}}
{"logTime": "0606/110116", "correlationVector":"KPhlS7vJJ3KP04WsracyTr.4","action":"ProcessGetUpdates", "result":"Done", "context":{"dataType":"History", "deleted":"0", "process_failed_to_decrypt":"0", "process_pending_decryption":"0", "process_success":"2", "total":"2"}}
{"logTime": "0606/110116", "correlationVector":"KPhlS7vJJ3KP04WsracyTr.5","action":"GetUpdates Response", "result":"Success", "context":Received 4 update(s). cV=KPhlS7vJJ3KP04WsracyTr.0;server=akswtt001000000;cloudType=Consumer;environment=Prod_southeastasia_prod-s01-065-apac-southeastasia;migrationStage=NotStarted}
{"logTime": "0606/110116", "correlationVector":"ew2KpeEsIMf4V3VpuZyK0L","action":"Commit Request", "result":"", "context":Item count: 6
Contributing types: Sessions, History}
{"logTime": "0606/110116", "correlationVector":"ew2KpeEsIMf4V3VpuZyK0L.1","action":"SyncServerConnectionManagerRequest", "result":"SYNC_SERVER_OK", "context":{"environment":"Prod_southeastasia_prod-s01-065-apac-southeastasia", "migrationStage":"NotStarted", "server":"akswtt00100001s"}}
{"logTime": "0606/110116", "correlationVector":"ew2KpeEsIMf4V3VpuZyK0L.2","action":"Commit Response", "result":"Success", "context":Result: Success. cV=ew2KpeEsIMf4V3VpuZyK0L.0;server=akswtt00100001s;cloudType=Consumer;environment=Prod_southeastasia_prod-s01-065-apac-southeastasia;migrationStage=NotStarted}
{"logTime": "0606/110117", "correlationVector":"UdtMMr0b0Arf9Za6ZFuQOd","action":"Normal GetUpdate request", "result":"", "context":cV=UdtMMr0b0Arf9Za6ZFuQOd
Nudged types: Sessions, History
Notified types: Preferences}
{"logTime": "0606/110117", "correlationVector":"UdtMMr0b0Arf9Za6ZFuQOd.1","action":"SyncServerConnectionManagerRequest", "result":"SYNC_SERVER_OK", "context":{"environment":"Prod_southeastasia_prod-s01-065-apac-southeastasia", "migrationStage":"NotStarted", "server":"akswtt00100001n"}}
{"logTime": "0606/110117", "correlationVector":"UdtMMr0b0Arf9Za6ZFuQOd.2","action":"ProcessGetUpdates", "result":"Done", "context":{"dataType":"Preferences", "deleted":"0", "process_failed_to_decrypt":"0", "process_pending_decryption":"0", "process_success":"1", "total":"1"}}
{"logTime": "0606/110117", "correlationVector":"UdtMMr0b0Arf9Za6ZFuQOd.3","action":"ProcessGetUpdates", "result":"Done", "context":{"dataType":"Sessions", "deleted":"0", "process_failed_to_decrypt":"0", "process_pending_decryption":"0", "process_success":"1", "total":"1"}}
{"logTime": "0606/110117", "correlationVector":"UdtMMr0b0Arf9Za6ZFuQOd.4","action":"ProcessGetUpdates", "result":"Done", "context":{"dataType":"History", "deleted":"0", "process_failed_to_decrypt":"0", "process_pending_decryption":"0", "process_success":"5", "total":"5"}}
{"logTime": "0606/110117", "correlationVector":"UdtMMr0b0Arf9Za6ZFuQOd.5","action":"GetUpdates Response", "result":"Success", "context":Received 7 update(s). cV=UdtMMr0b0Arf9Za6ZFuQOd.0;server=akswtt00100001n;cloudType=Consumer;environment=Prod_southeastasia_prod-s01-065-apac-southeastasia;migrationStage=NotStarted}
{"logTime": "0606/110117", "correlationVector":"ARnb+yHzyzaM3YNfHkfPfU","action":"Commit Request", "result":"", "context":Item count: 6
Contributing types: Sessions, History}
{"logTime": "0606/110117", "correlationVector":"ARnb+yHzyzaM3YNfHkfPfU.1","action":"SyncServerConnectionManagerRequest", "result":"SYNC_SERVER_OK", "context":{"environment":"Prod_southeastasia_prod-s01-065-apac-southeastasia", "migrationStage":"NotStarted", "server":"akswtt00100001q"}}
{"logTime": "0606/110117", "correlationVector":"ARnb+yHzyzaM3YNfHkfPfU.2","action":"Commit Response", "result":"Success", "context":Result: Success. cV=ARnb+yHzyzaM3YNfHkfPfU.0;server=akswtt00100001q;cloudType=Consumer;environment=Prod_southeastasia_prod-s01-065-apac-southeastasia;migrationStage=NotStarted}
{"logTime": "0606/110235", "correlationVector":"0JS7hcw3iI6E+ywnp8qy37.1","action":"SyncServerConnectionManagerRequest", "result":"SYNC_SERVER_OK", "context":{"environment":"Prod_southeastasia_prod-s01-065-apac-southeastasia", "migrationStage":"NotStarted", "server":"akswtt00100000o"}}
{"logTime": "0606/110235", "correlationVector":"0JS7hcw3iI6E+ywnp8qy37.2","action":"ProcessGetUpdates", "result":"Done", "context":{"dataType":"Encryption Keys", "deleted":"0", "process_failed_to_decrypt":"0", "process_pending_decryption":"0", "process_success":"1", "total":"1"}}
{"logTime": "0606/110236", "correlationVector":"A+tfQY/OVrcxunAzEQFclm","action":"SyncServerConnectionManagerRequest", "result":"SYNC_SERVER_OK", "context":{"environment":"", "migrationStage":"", "server":""}}
{"logTime": "0606/110236", "correlationVector":"A+tfQY/OVrcxunAzEQFclm.0","action":"EncryptionKeysFetcher.DownloadKeys:", "result":"Success", "context":Key count: 7, Last key timestamp: 2026-05-20T16:13:32Z}
{"logTime": "0606/110236", "correlationVector":"A+tfQY/OVrcxunAzEQFclm.1","action":"EncryptionKeysManager::SetEncryptionKeys:", "result":"Success", "context":Key names[7]:[48nJdkNb6lidYKLYZIQFzC6BDxGUm1rGGw9aUG7frljjGMPsf7tWdkxNNeENM6CDvDk7+v5ZdFJzBpXF+CxzyA==][9K9GVo9vEwTJUx/N/u++lgQMnTiMQvgCeT3Xp3xdQDdA0Tx8ayxq72ip6Y3YBcDC33+7iGSNHU6xRsXIwKf/Lg==][xtB2XeioeJ+yZqZGfOhWJPS13zfMMnDyLnmBGZkff+NKqhKN11Yd0kFDK8Rgunb4k2bWO0M8emXWWJX1FQE+Yw==][I1MMv4rqDOcFkBGsG3e914iCeFUtOlL2JqJuamxBLvlQxvwe1MKUl2haiY5BlbHGXk9W5TSI5zJjjRS5N7cB6g==][Hvslmaa6SpU5pDqEXaFNpquiUo6DLdZNpJZELlpDLcqXvFwtQwkk5EwbT8WbjSONh8pR/bs6bnME1HfZtQJzaA==][36ushvsMUpIhqrwRVbRmq44H0zz+Gb1eSNnyBMQ5YjR8+2aYVJNFmP0zSZfk8XtG7vJX/10DK80Wl8GqgVjvkQ==][h/8W4vHI/PvDRp114tffJEhXWCCp9rEOJBmaPKcJCNPwBJ32rfhwyhJ/iEvQG3ovNbMjMLvJdDWJ1Lfa9RZUIQ==]}
{"logTime": "0606/110236", "correlationVector":"A+tfQY/OVrcxunAzEQFclm.2","action":"EncryptionKeysManager::SetEncryptionKeysWithTimestamps:", "result":"Success", "context":Key timestamps[7]:[2023-05-10T13:43:20Z][2023-11-07T08:00:20Z][2024-05-05T13:39:14Z][2024-11-01T22:42:17Z][2025-05-01T14:06:48Z][2025-10-30T09:17:13Z][2026-05-20T16:13:32Z]}
{"logTime": "0606/110236", "correlationVector":"0JS7hcw3iI6E+ywnp8qy37","action":"Initial GetUpdates", "result":"", "context":Reason: NEW_CLIENT. cV=0JS7hcw3iI6E+ywnp8qy37}
{"logTime": "0606/110236", "correlationVector":"0JS7hcw3iI6E+ywnp8qy37.3","action":"GetUpdates Response", "result":"Success", "context":Received 1 update(s). cV=0JS7hcw3iI6E+ywnp8qy37.0;server=akswtt00100000o;cloudType=Consumer;environment=Prod_southeastasia_prod-s01-065-apac-southeastasia;migrationStage=NotStarted}
{"logTime": "0606/110236", "correlationVector":"En3cs/Ep1L5IlmYHd8xhn0","action":"Initial GetUpdates", "result":"", "context":Reason: NEWLY_SUPPORTED_DATATYPE. cV=En3cs/Ep1L5IlmYHd8xhn0}
{"logTime": "0606/110236", "correlationVector":"En3cs/Ep1L5IlmYHd8xhn0.1","action":"SyncServerConnectionManagerRequest", "result":"SYNC_SERVER_OK", "context":{"environment":"Prod_southeastasia_prod-s01-065-apac-southeastasia", "migrationStage":"NotStarted", "server":"akswtt001000008"}}
{"logTime": "0606/110236", "correlationVector":"En3cs/Ep1L5IlmYHd8xhn0.2","action":"ProcessGetUpdates", "result":"Done", "context":{"dataType":"Passwords", "deleted":"1", "process_failed_to_decrypt":"0", "process_pending_decryption":"0", "process_success":"118", "total":"118"}}
{"logTime": "0606/110236", "correlationVector":"En3cs/Ep1L5IlmYHd8xhn0.3","action":"GetUpdates Response", "result":"Success", "context":Received 118 update(s). cV=En3cs/Ep1L5IlmYHd8xhn0.0;server=akswtt001000008;cloudType=Consumer;environment=Prod_southeastasia_prod-s01-065-apac-southeastasia;migrationStage=NotStarted}
{"logTime": "0606/110236", "correlationVector":"BRowVnrPacCFLcNYw+BEy6","action":"Normal GetUpdate request", "result":"", "context":cV=BRowVnrPacCFLcNYw+BEy6
Nudged types: Sessions, History
Refresh requested types: Bookmarks, Preferences, Passwords, Autofill Profiles, Autofill, Extensions, Sessions, Extension settings, History Delete Directives, Device Info, User Consents, Send Tab To Self, Web Apps, History, Saved Tab Group, WebAuthn Credentials, Collection, Edge E Drop, Edge Hub App Usage, Edge Wallet, Edge Workspace, Encryption Keys}
{"logTime": "0606/110237", "correlationVector":"BRowVnrPacCFLcNYw+BEy6.1","action":"SyncServerConnectionManagerRequest", "result":"SYNC_SERVER_OK", "context":{"environment":"Prod_southeastasia_prod-s01-065-apac-southeastasia", "migrationStage":"NotStarted", "server":"akswtt00100001k"}}
{"logTime": "0606/110237", "correlationVector":"BRowVnrPacCFLcNYw+BEy6.2","action":"ProcessGetUpdates", "result":"Done", "context":{"dataType":"Sessions", "deleted":"0", "process_failed_to_decrypt":"0", "process_pending_decryption":"0", "process_success":"1", "total":"1"}}
{"logTime": "0606/110237", "correlationVector":"BRowVnrPacCFLcNYw+BEy6.3","action":"ProcessGetUpdates", "result":"Done", "context":{"dataType":"History", "deleted":"0", "process_failed_to_decrypt":"0", "process_pending_decryption":"0", "process_success":"5", "total":"5"}}
{"logTime": "0606/110237", "correlationVector":"BRowVnrPacCFLcNYw+BEy6.4","action":"GetUpdates Response", "result":"Success", "context":Received 6 update(s). cV=BRowVnrPacCFLcNYw+BEy6.0;server=akswtt00100001k;cloudType=Consumer;environment=Prod_southeastasia_prod-s01-065-apac-southeastasia;migrationStage=NotStarted}
{"logTime": "0606/110237", "correlationVector":"LwZLM0XQWG8Yv9mW7w/WV+","action":"Commit Request", "result":"", "context":Item count: 9
Contributing types: Sessions, History}
{"logTime": "0606/110237", "correlationVector":"LwZLM0XQWG8Yv9mW7w/WV+.1","action":"SyncServerConnectionManagerRequest", "result":"SYNC_SERVER_OK", "context":{"environment":"Prod_southeastasia_prod-s01-065-apac-southeastasia", "migrationStage":"NotStarted", "server":"akswtt00100000o"}}
{"logTime": "0606/110237", "correlationVector":"LwZLM0XQWG8Yv9mW7w/WV+.2","action":"Commit Response", "result":"Success", "context":Result: Success. cV=LwZLM0XQWG8Yv9mW7w/WV+.0;server=akswtt00100000o;cloudType=Consumer;environment=Prod_southeastasia_prod-s01-065-apac-southeastasia;migrationStage=NotStarted}
{"logTime": "0606/110301", "correlationVector":"E0mtqroCY6sw9uHF9wV2w2","action":"Commit Request", "result":"", "context":Item count: 40
Contributing types: Passwords}
{"logTime": "0606/110302", "correlationVector":"E0mtqroCY6sw9uHF9wV2w2.1","action":"SyncServerConnectionManagerRequest", "result":"SYNC_SERVER_OK", "context":{"environment":"Prod_southeastasia_prod-s01-065-apac-southeastasia", "migrationStage":"NotStarted", "server":"akswtt001000008"}}
{"logTime": "0606/110302", "correlationVector":"E0mtqroCY6sw9uHF9wV2w2.2","action":"Commit Response", "result":"Success", "context":Result: Success. cV=E0mtqroCY6sw9uHF9wV2w2.0;server=akswtt001000008;cloudType=Consumer;environment=Prod_southeastasia_prod-s01-065-apac-southeastasia;migrationStage=NotStarted}
{"logTime": "0606/110302", "correlationVector":"0k5QZC2GabnmUjD8CcmUta","action":"Commit Request", "result":"", "context":Item count: 40
Contributing types: Passwords}
{"logTime": "0606/110304", "correlationVector":"0k5QZC2GabnmUjD8CcmUta.1","action":"SyncServerConnectionManagerRequest", "result":"SYNC_SERVER_OK", "context":{"environment":"Prod_southeastasia_prod-s01-065-apac-southeastasia", "migrationStage":"NotStarted", "server":"akswtt001000006"}}
{"logTime": "0606/110304", "correlationVector":"0k5QZC2GabnmUjD8CcmUta.2","action":"Commit Response", "result":"Success", "context":Result: Success. cV=0k5QZC2GabnmUjD8CcmUta.0;server=akswtt001000006;cloudType=Consumer;environment=Prod_southeastasia_prod-s01-065-apac-southeastasia;migrationStage=NotStarted}
{"logTime": "0606/110304", "correlationVector":"NUfFHkISdOcN2AIs5UkNKM","action":"Commit Request", "result":"", "context":Item count: 36
Contributing types: Preferences, Passwords, Sessions, History}
{"logTime": "0606/110305", "correlationVector":"NUfFHkISdOcN2AIs5UkNKM.1","action":"SyncServerConnectionManagerRequest", "result":"SYNC_SERVER_OK", "context":{"environment":"Prod_southeastasia_prod-s01-065-apac-southeastasia", "migrationStage":"NotStarted", "server":"akswtt00100001p"}}
{"logTime": "0606/110305", "correlationVector":"NUfFHkISdOcN2AIs5UkNKM.2","action":"Commit Response", "result":"Success", "context":Result: Success. cV=NUfFHkISdOcN2AIs5UkNKM.0;server=akswtt00100001p;cloudType=Consumer;environment=Prod_southeastasia_prod-s01-065-apac-southeastasia;migrationStage=NotStarted}
{"logTime": "0606/110305", "correlationVector":"NUfFHkISdOcN2AIs5UkNKM.3","action":"Commit.Sessions", "result":"Success", "context":{"id":"991dab52-8694-4677-8a76-c91301f3ba98", "isDeleted":"true", "size":"0", "version":"1780743753157"}}
